// Jest Snapshot v1, https://goo.gl/fbAQLP

exports[`renders with className 1`] = `
<div
  className="advanced-cookie-consent"
>
  <div>
    <div
      className="container-responsive advanced-cookie-consent-inner container-xs"
      size="xs"
    >
      <div
        className="row"
      >
        <div
          className="col col-xs-w36"
        >
          <h4 />
        </div>
      </div>
      <div
        className="row"
      >
        <div
          className="col col-xs-w36"
        >
          <p
            style={
              Object {
                "fontSize": "0.8rem",
              }
            }
          />
        </div>
      </div>
      <div
        className="row"
      >
        <div
          className="col col-xs-w36 text-right"
        >
          <button
            className="btn btn-warning"
            type="button"
          />
          <button
            className="btn btn-primary"
            type="button"
          />
        </div>
      </div>
    </div>
  </div>
</div>
`;
