// Jest Snapshot v1, https://goo.gl/fbAQLP

exports[`renders with className 1`] = `
<div
  className="advanced-svg-mask btn bg-secondary"
>
  <svg
    xmlns="http://www.w3.org/2000/svg"
  >
    <defs>
      <mask
        id="mask-main"
      >
        <rect
          fill="white"
          x={0}
          y={0}
        />
        <rect
          fill="black"
          height={NaN}
          width={NaN}
          x={NaN}
          y={NaN}
        />
        <rect
          fill="white"
          x={NaN}
          y={NaN}
        />
        <circle
          cx={NaN}
          cy={NaN}
          fill="black"
        />
        <rect
          fill="white"
          x={NaN}
          y={NaN}
        />
        <circle
          cx={NaN}
          cy={NaN}
          fill="black"
        />
        <rect
          fill="white"
          x={NaN}
          y={NaN}
        />
        <circle
          cx={NaN}
          cy={NaN}
          fill="black"
        />
        <rect
          fill="white"
          x={NaN}
          y={NaN}
        />
        <circle
          cx={NaN}
          cy={NaN}
          fill="black "
        />
      </mask>
      <clipPath
        id="clip-path"
      >
        <rect
          height={NaN}
          x={0}
          y={0}
        />
        <rect
          height={NaN}
          width={NaN}
          x={0}
          y={NaN}
        />
        <rect
          height={NaN}
          width={NaN}
          x={NaN}
          y={NaN}
        />
        <rect
          height={NaN}
          x={0}
          y={NaN}
        />
      </clipPath>
    </defs>
    <rect
      fill="currentColor"
      mask="url(#mask-main)"
      x={0}
      y={0}
    />
    <rect
      clipPath="url(#clip-path)"
      fill="currentColor"
      pointerEvents="auto"
      x={0}
      y={0}
    />
    <rect
      display="none"
      fill="transparent"
      height={NaN}
      pointerEvents="auto"
      width={NaN}
      x={NaN}
      y={NaN}
    />
  </svg>
</div>
`;
