// Jest Snapshot v1, https://goo.gl/fbAQLP

exports[`renders standard 1`] = `
<button
  className="btn btn-primary"
  onClick={
    [MockFunction] {
      "calls": Array [
        Array [
          Object {
            "defaultMessage": "Click to add card",
            "id": "rbf.trello.card.addLink",
          },
        ],
      ],
      "results": Array [
        Object {
          "type": "return",
          "value": undefined,
        },
      ],
    }
  }
/>
`;
