// Jest Snapshot v1, https://goo.gl/fbAQLP

exports[`render with className and name 1`] = `
<article
  className="trello-card btn bg-secondary"
  onClick={
    [MockFunction] {
      "calls": Array [
        Array [
          "Card actions",
        ],
        Array [
          "Update card",
        ],
        Array [
          "Delete card",
        ],
      ],
      "results": Array [
        Object {
          "type": "return",
          "value": undefined,
        },
        Object {
          "type": "return",
          "value": undefined,
        },
        Object {
          "type": "return",
          "value": undefined,
        },
      ],
    }
  }
  style={Object {}}
>
  <div
    className="row"
  >
    <div
      className="col col-xs-w3 text-left"
    />
    <div
      className="col col-xs-w7 text-left"
    >
      <span
        className="text-secondary"
      />
    </div>
    <div
      className="col col-xs-w19 text-left"
    />
    <div
      className="col col-xs-w3 text-center"
    >
      <div
        style={
          Object {
            "height": "px",
          }
        }
      />
    </div>
    <div
      className="col col-xs-w4 text-right"
    >
      <div
        className="advanced-dropdown-wrapper"
        onClick={[Function]}
      >
        <button
          className="btn btn-sm btn-light trello-card-menu-menu"
        >
          …
        </button>
      </div>
    </div>
  </div>
  <div
    className="row"
  >
    <div
      className="col col-xs-w20 text-left"
    >
      <span
        className="trello-card-title text-secondary"
      >
        no title
      </span>
    </div>
    <div
      className="col col-xs-w16 text-right"
    >
      <span
        className="trello-card-project text-secondary"
      >
        
      </span>
    </div>
  </div>
  
  <div
    className="trello-card-footer"
  >
    <div
      className="row"
    >
      <div
        className="col col-xs-w4 text-left"
      >
        <div
          className="trello-card-priority text- border border-"
        >
          <span>
            
          </span>
        </div>
      </div>
      <div
        className="col col-xs-w11 text-left"
      >
        <span
          className="trello-card-deadline"
        />
      </div>
      <div
        className="col col-xs-w8 text-left"
      >
        <span
          className="trello-card-progress"
        />
      </div>
      <div
        className="col col-xs-w6 text-left"
      >
        <span
          className="trello-card-comment text-secondary"
        />
      </div>
    </div>
  </div>
</article>
`;
