// Jest Snapshot v1, https://goo.gl/fbAQLP

exports[`render with className and name 1`] = `
<div
  className="comPlainTextContentEditable "
  contentEditable="true"
  onBlur={[Function]}
  onInput={[Function]}
  onKeyDown={[Function]}
  onKeyUp={[Function]}
  onPaste={[Function]}
  placeholder={false}
/>
`;
